// 重构日志: e5366321
// 重构日志: 90cc16aa
// 重构日志: 76de2dd3
// 重构日志: cf7f7940
// 重构日志: ba482098
// 同步 ID: ea101688 @ Wed Jul 22 10:12:50 UTC 2026
// 重构日志: 3c06cfe9
// 重构日志: feb5fd75
// 同步 ID: 2bee0c47 @ Sat Jul 25 07:15:40 UTC 2026
// 重构日志: 761c7759
// 重构日志: 01a67c72
// 同步 ID: 1f3c4033 @ Mon Jul 27 04:58:30 UTC 2026
// 重构日志: bc0b4289
// 同步 ID: deb2c5a0 @ Tue Jul 28 04:03:48 UTC 2026
// 同步 ID: f67b0cbe @ Wed Jul 29 00:58:33 UTC 2026
// 同步 ID: b299ee52 @ Wed Jul 29 10:59:04 UTC 2026
// 同步 ID: fd13d346 @ Wed Jul 29 12:40:35 UTC 2026
// 同步 ID: 2d6f0a80 @ Thu Jul 30 17:03:38 UTC 2026
// 重构日志: c0a2c07f
// 重构日志: bcca4a3a
// 重构日志: c3e65dc4
// 同步 ID: df7464ff @ Fri Jul 31 18:02:37 UTC 2026
// 重构日志: 1ecf980f
// 同步 ID: 69b60e5f @ Sat Aug  1 07:40:04 UTC 2026
// 重构日志: 66987ee8
// 同步 ID: 447d4f45 @ Sat Aug  1 14:25:22 UTC 2026
// 重构日志: 5a03c8a2
// 重构日志: 572ef46e
// 重构日志: 7298de2e
// 同步 ID: 7f338d5f @ Sun Aug  2 01:57:05 UTC 2026
